---
source: src/integration_tests.rs
expression: run_test(&input)
---
TestOutput {
    llm_output: ParsedLlmOutput {
        instructions: [],
        code_changes: [
            CodeChange {
                language: "rust",
                code: "struct Foo {}\nimpl Foo {\n    fn func() {}\n}\n",
            },
        ],
    },
    instruction_symbols: [],
    code_symbols: [
        #Foo,
        #Foo::func,
    ],
}
